{"schema_version":1,"artifact_type":"unknown_probe","work_unit":null,"unknown_type":"none","signals":[],"recommend":"none","skipped_rungs":[],"heterogeneous_u1":true,"eligible_max":"U0","budget":{"u1":2,"u2":1,"u3":1,"u4":1,"used":{"U1":0,"U2":0,"U3":0,"U4":0}},"knob":"auto","knob_resolved_from":"argv","terms_hits":{},"ladder_v3":true}
{"schema_version":1,"artifact_type":"unknown_probe","work_unit":"gw","unknown_type":"why","signals":[{"id":"S1","value":2,"evidence":["g1","g2"]}],"recommend":"U1","skipped_rungs":[],"heterogeneous_u1":true,"eligible_max":"U3","budget":{"u1":2,"u2":1,"u3":1,"u4":1,"used":{"U1":0,"U2":0,"U3":0,"U4":0}},"knob":"auto","knob_resolved_from":"argv","terms_hits":{},"ladder_v3":true}
{"schema_version":1,"artifact_type":"unknown_probe","work_unit":"gw","unknown_type":"whether","signals":[{"id":"S1","value":2,"evidence":["g1","g2"]},{"id":"S5","value":"LOW","evidence":["think-tank Decision Brief consensus LOW"]}],"recommend":"U1","skipped_rungs":[],"heterogeneous_u1":true,"eligible_max":"U3","budget":{"u1":2,"u2":1,"u3":1,"u4":1,"used":{"U1":0,"U2":0,"U3":0,"U4":0}},"knob":"auto","knob_resolved_from":"argv","terms_hits":{},"ladder_v3":true}
{"schema_version":1,"artifact_type":"unknown_probe","work_unit":"gs6","unknown_type":"how","signals":[{"id":"S6","value":1,"evidence":["how"]}],"recommend":"U1","skipped_rungs":[],"heterogeneous_u1":true,"eligible_max":"U1","budget":{"u1":2,"u2":1,"u3":1,"u4":1,"used":{"U1":0,"U2":0,"U3":0,"U4":0}},"knob":"auto","knob_resolved_from":"argv","terms_hits":{},"ladder_v3":true}
{"schema_version":1,"artifact_type":"unknown_probe","work_unit":"gt","unknown_type":"how","signals":[{"id":"S4","value":1,"evidence":["zzqxgoldennovel"],"fast_moving":true}],"recommend":"U1","skipped_rungs":[],"heterogeneous_u1":true,"eligible_max":"U2","budget":{"u1":2,"u2":1,"u3":1,"u4":1,"used":{"U1":0,"U2":0,"U3":0,"U4":0}},"knob":"auto","knob_resolved_from":"argv","terms_hits":{"zzqxgoldennovel":{"knowledge_or_memory":0,"repo":0}},"ladder_v3":true}
{"schema_version":1,"artifact_type":"unknown_probe","work_unit":"gt","unknown_type":"how","signals":[{"id":"S4","value":1,"evidence":["zzqxgoldennovel"],"fast_moving":true}],"recommend":"U2","skipped_rungs":["U1"],"heterogeneous_u1":false,"eligible_max":"U2","budget":{"u1":2,"u2":1,"u3":1,"u4":1,"used":{"U1":0,"U2":0,"U3":0,"U4":0}},"knob":"auto","knob_resolved_from":"argv","terms_hits":{"zzqxgoldennovel":{"knowledge_or_memory":0,"repo":0}},"ladder_v3":true,"reason":"not-heterogeneous"}
{"schema_version":1,"artifact_type":"unknown_probe","work_unit":"gw","unknown_type":"why","signals":[{"id":"S1","value":2,"evidence":["g1","g2"]},{"id":"S2","value":"TRIP","evidence":["no-progress"]},{"id":"S3","value":3,"evidence":[]}],"recommend":"U1","skipped_rungs":[],"heterogeneous_u1":true,"eligible_max":"U3","budget":{"u1":2,"u2":1,"u3":1,"u4":1,"used":{"U1":0,"U2":0,"U3":0,"U4":0}},"knob":"auto","knob_resolved_from":"argv","terms_hits":{},"ladder_v3":true}
{"schema_version":1,"artifact_type":"unknown_probe","work_unit":"gw","unknown_type":"why","signals":[{"id":"S1","value":2,"evidence":["g1","g2"]}],"recommend":"none","skipped_rungs":[],"heterogeneous_u1":true,"eligible_max":"U3","budget":{"u1":0,"u2":0,"u3":0,"u4":1,"used":{"U1":0,"U2":0,"U3":0,"U4":0}},"knob":"auto","knob_resolved_from":"argv","terms_hits":{},"ladder_v3":true,"reason":"budget-exhausted"}
{"schema_version":1,"artifact_type":"unknown_probe","work_unit":"gw","unknown_type":"why","signals":[{"id":"S1","value":2,"evidence":["g1","g2"]},{"id":"S4","value":1,"evidence":["zzqxgoldennovel"],"fast_moving":false}],"recommend":"U1","skipped_rungs":[],"heterogeneous_u1":true,"eligible_max":"U3","budget":{"u1":2,"u2":1,"u3":1,"u4":1,"used":{"U1":0,"U2":0,"U3":0,"U4":0}},"knob":"auto","knob_resolved_from":"argv","terms_hits":{"zzqxgoldennovel":{"knowledge_or_memory":0,"repo":0}},"ladder_v3":true}
{"schema_version":1,"artifact_type":"unknown_probe","work_unit":"gt","unknown_type":"how","signals":[{"id":"S4","value":1,"evidence":["zzqxgoldennovel"],"fast_moving":false}],"recommend":"U1","skipped_rungs":[],"heterogeneous_u1":true,"eligible_max":"U1","budget":{"u1":2,"u2":1,"u3":1,"u4":1,"used":{"U1":0,"U2":0,"U3":0,"U4":0}},"knob":"auto","knob_resolved_from":"argv","terms_hits":{"zzqxgoldennovel":{"knowledge_or_memory":0,"repo":0}},"ladder_v3":true}
{"schema_version":1,"artifact_type":"unknown_probe","work_unit":"gdec","unknown_type":"whether","signals":[{"id":"S4","value":1,"evidence":["zzqxgoldennovel"],"fast_moving":false},{"id":"S5","value":"LOW","evidence":["think-tank Decision Brief consensus LOW"]}],"recommend":"U1","skipped_rungs":[],"heterogeneous_u1":true,"eligible_max":"U3","budget":{"u1":2,"u2":1,"u3":1,"u4":1,"used":{"U1":0,"U2":0,"U3":0,"U4":0}},"knob":"auto","knob_resolved_from":"argv","terms_hits":{"zzqxgoldennovel":{"knowledge_or_memory":0,"repo":0}},"ladder_v3":true}
{"schema_version":1,"artifact_type":"unknown_probe","work_unit":"gw","unknown_type":"why","signals":[{"id":"S1","value":2,"evidence":["g1","g2"]},{"id":"S2","value":"TRIP","evidence":["no-progress"]},{"id":"S3","value":3,"evidence":[]},{"id":"S4","value":1,"evidence":["zzqxgoldennovel"],"fast_moving":false}],"recommend":"U1","skipped_rungs":[],"heterogeneous_u1":true,"eligible_max":"U3","budget":{"u1":2,"u2":1,"u3":1,"u4":1,"used":{"U1":0,"U2":0,"U3":0,"U4":0}},"knob":"auto","knob_resolved_from":"argv","terms_hits":{"zzqxgoldennovel":{"knowledge_or_memory":0,"repo":0}},"ladder_v3":true}
{"schema_version":1,"artifact_type":"unknown_probe","work_unit":"gw","unknown_type":"why","signals":[{"id":"S1","value":2,"evidence":["g1","g2"]}],"recommend":"U1","skipped_rungs":[],"heterogeneous_u1":true,"eligible_max":"U3","budget":{"u1":2,"u2":1,"u3":1,"u4":1,"used":{"U1":0,"U2":0,"U3":0,"U4":0}},"knob":"auto","knob_resolved_from":"argv","terms_hits":{},"ladder_v3":true}
