node:assert:152
  throw new AssertionError(obj);
  ^

AssertionError [ERR_ASSERTION]: Expected values to be strictly equal:
+ actual - expected

+ undefined
- true

    at [stdin]:64:8
    at runScriptInThisContext (node:internal/vm:219:10)
    at node:internal/process/execution:451:12
    at [stdin]-wrapper:6:24
    at runScriptInContext (node:internal/process/execution:449:60)
    at evalFunction (node:internal/process/execution:283:30)
    at evalTypeScript (node:internal/process/execution:295:3)
    at node:internal/main/eval_stdin:51:5
    at Socket.<anonymous> (node:internal/process/execution:205:5)
    at Socket.emit (node:events:521:24) {
  generatedMessage: true,
  code: 'ERR_ASSERTION',
  actual: undefined,
  expected: true,
  operator: 'strictEqual',
  diff: 'simple'
}

Node.js v24.16.0
FAIL [implementation-campaign-routing] T1–T3 durable-wait intake: : expected exit 0, got 1
FAIL [implementation-campaign-routing] T1/T2 admitted normalized resume_candidate: 't1_t2_admitted=true' not found in output
FAIL [implementation-campaign-routing] T3 pre-claim drift refused: 't3_preclaim_drift=true' not found in output
node:assert:152
  throw new AssertionError(obj);
  ^

AssertionError [ERR_ASSERTION]: Expected values to be strictly equal:
+ actual - expected

+ undefined
- '4429251bd38c7739c3b1547249837cc5d2088acc'

    at [stdin]:267:10
    at runScriptInThisContext (node:internal/vm:219:10)
    at node:internal/process/execution:451:12
    at [stdin]-wrapper:6:24
    at runScriptInContext (node:internal/process/execution:449:60)
    at evalFunction (node:internal/process/execution:283:30)
    at evalTypeScript (node:internal/process/execution:295:3)
    at node:internal/main/eval_stdin:51:5
    at Socket.<anonymous> (node:internal/process/execution:205:5)
    at Socket.emit (node:events:521:24) {
  generatedMessage: true,
  code: 'ERR_ASSERTION',
  actual: undefined,
  expected: '4429251bd38c7739c3b1547249837cc5d2088acc',
  operator: 'strictEqual',
  diff: 'simple'
}

Node.js v24.16.0
FAIL [implementation-campaign-routing] T4 engine scope check: : expected exit 0, got 1
FAIL [implementation-campaign-routing] T4 engine spy recorded C0 implementation_sha: 't4_engine_scope=true' not found in output
FAIL [implementation-campaign-routing] 68 passed, 5 failed
      - T1–T3 durable-wait intake: : expected exit 0, got 1
      - T1/T2 admitted normalized resume_candidate: 't1_t2_admitted=true' not found in output
      - T3 pre-claim drift refused: 't3_preclaim_drift=true' not found in output
      - T4 engine scope check: : expected exit 0, got 1
      - T4 engine spy recorded C0 implementation_sha: 't4_engine_scope=true' not found in output
