1791067303644 gs6ou5e EVENT classic.SessionStart source=startup
1791067304059 gs6ou5e EVENT session.start surface=terminal
1791067304305 gs6ou5e EVENT ui.render AbovePrompt #2 timerHeld=no tickCount=0
1791067304400 gs6ou5e armed (session.start)
1791067305412 gs6ou5e tick 1 sid=11111111-2222-4333-8444-5555555555c2
1791067306417 gs6ou5e tick 2 sid=11111111-2222-4333-8444-5555555555c2
1791067307426 gs6ou5e tick 3 sid=11111111-2222-4333-8444-5555555555c2
1791067308441 gs6ou5e tick 4 sid=11111111-2222-4333-8444-5555555555c2
1791067309443 gs6ou5e tick 5 sid=11111111-2222-4333-8444-5555555555c2
1791067310450 gs6ou5e tick 6 sid=11111111-2222-4333-8444-5555555555c2
1791067311452 gs6ou5e tick 7 sid=11111111-2222-4333-8444-5555555555c2
1791067312456 gs6ou5e tick 8 sid=11111111-2222-4333-8444-5555555555c2
1791067313458 gs6ou5e tick 9 sid=11111111-2222-4333-8444-5555555555c2
1791067314465 gs6ou5e tick 10 sid=11111111-2222-4333-8444-5555555555c2
1791067315452 gs6ou5e EVENT ui.render AbovePrompt #3 timerHeld=yes tickCount=10
1791067315592 gs6ou5e EVENT turn.start
1791067315606 gs6ou5e tick 11 sid=11111111-2222-4333-8444-5555555555c2
1791067316597 gs6ou5e tick 12 sid=11111111-2222-4333-8444-5555555555c2
1791067317025 gs6ou5e EVENT turn.complete
1791067317714 gs6ou5e tick 13 sid=11111111-2222-4333-8444-5555555555c2
1791067318711 gs6ou5e tick 14 sid=11111111-2222-4333-8444-5555555555c2
1791067319715 gs6ou5e tick 15 sid=11111111-2222-4333-8444-5555555555c2
1791067320720 gs6ou5e tick 16 sid=11111111-2222-4333-8444-5555555555c2
1791067321719 gs6ou5e tick 17 sid=11111111-2222-4333-8444-5555555555c2
1791067322722 gs6ou5e tick 18 sid=11111111-2222-4333-8444-5555555555c2
1791067323725 gs6ou5e tick 19 sid=11111111-2222-4333-8444-5555555555c2
1791067324730 gs6ou5e tick 20 sid=11111111-2222-4333-8444-5555555555c2
1791067325731 gs6ou5e tick 21 sid=11111111-2222-4333-8444-5555555555c2
1791067326732 gs6ou5e tick 22 sid=11111111-2222-4333-8444-5555555555c2
1791067327805 gs6ou5e tick 23 sid=11111111-2222-4333-8444-5555555555c2
1791067328927 gs6ou5e EVENT classic.SessionEnd reason=clear
1791067328935 gs6ou5e EVENT session.end reason=clear (timer NOT cancelled by us)
1791067329069 gs6ou5e EVENT classic.SessionStart source=clear
1791067329811 gs6ou5e tick 25 sid=f1697a46-1ed2-486e-ac5b-685b5f19f607
1791067330812 gs6ou5e tick 26 sid=f1697a46-1ed2-486e-ac5b-685b5f19f607
1791067331816 gs6ou5e tick 27 sid=f1697a46-1ed2-486e-ac5b-685b5f19f607
1791067332816 gs6ou5e tick 28 sid=f1697a46-1ed2-486e-ac5b-685b5f19f607
1791067333821 gs6ou5e tick 29 sid=f1697a46-1ed2-486e-ac5b-685b5f19f607
1791067334827 gs6ou5e tick 30 sid=f1697a46-1ed2-486e-ac5b-685b5f19f607
1791067335831 gs6ou5e tick 31 sid=f1697a46-1ed2-486e-ac5b-685b5f19f607
1791067336835 gs6ou5e tick 32 sid=f1697a46-1ed2-486e-ac5b-685b5f19f607
1791067337839 gs6ou5e tick 33 sid=f1697a46-1ed2-486e-ac5b-685b5f19f607
1791067338838 gs6ou5e tick 34 sid=f1697a46-1ed2-486e-ac5b-685b5f19f607
1791067339849 gs6ou5e tick 35 sid=f1697a46-1ed2-486e-ac5b-685b5f19f607
1791067340841 gs6ou5e tick 36 sid=f1697a46-1ed2-486e-ac5b-685b5f19f607
1791067341843 gs6ou5e tick 37 sid=f1697a46-1ed2-486e-ac5b-685b5f19f607
1791067342845 gs6ou5e tick 38 sid=f1697a46-1ed2-486e-ac5b-685b5f19f607
1791067343857 gs6ou5e tick 39 sid=f1697a46-1ed2-486e-ac5b-685b5f19f607
1791067344955 gs6ou5e tick 40 sid=f1697a46-1ed2-486e-ac5b-685b5f19f607
1791067345003 gs6ou5e EVENT prompt.submit
1791067345080 gs6ou5e EVENT turn.start
1791067345879 gs6ou5e tick 41 sid=f1697a46-1ed2-486e-ac5b-685b5f19f607
1791067346823 gs6ou5e EVENT turn.complete
1791067346882 gs6ou5e tick 42 sid=f1697a46-1ed2-486e-ac5b-685b5f19f607
1791067347883 gs6ou5e tick 43 sid=f1697a46-1ed2-486e-ac5b-685b5f19f607
1791067348884 gs6ou5e tick 44 sid=f1697a46-1ed2-486e-ac5b-685b5f19f607
1791067349886 gs6ou5e tick 45 sid=f1697a46-1ed2-486e-ac5b-685b5f19f607
1791067350891 gs6ou5e tick 46 sid=f1697a46-1ed2-486e-ac5b-685b5f19f607
1791067351889 gs6ou5e tick 47 sid=f1697a46-1ed2-486e-ac5b-685b5f19f607
1791067352891 gs6ou5e tick 48 sid=f1697a46-1ed2-486e-ac5b-685b5f19f607
1791067353891 gs6ou5e tick 49 sid=f1697a46-1ed2-486e-ac5b-685b5f19f607
1791067354892 gs6ou5e tick 50 sid=f1697a46-1ed2-486e-ac5b-685b5f19f607
1791067355895 gs6ou5e tick 51 sid=f1697a46-1ed2-486e-ac5b-685b5f19f607
1791067356915 gs6ou5e tick 52 sid=f1697a46-1ed2-486e-ac5b-685b5f19f607
1791067357920 gs6ou5e tick 53 sid=f1697a46-1ed2-486e-ac5b-685b5f19f607
1791067358456 gs6ou5e EVENT classic.SessionEnd reason=clear
1791067358463 gs6ou5e EVENT session.end reason=clear (timer NOT cancelled by us)
1791067358540 gs6ou5e EVENT classic.SessionStart source=clear
1791067358932 gs6ou5e tick 54 sid=e967564e-dbd8-4b97-bdc0-2bbe7a673695
1791067359925 gs6ou5e tick 55 sid=e967564e-dbd8-4b97-bdc0-2bbe7a673695
1791067360929 gs6ou5e tick 56 sid=e967564e-dbd8-4b97-bdc0-2bbe7a673695
1791067361929 gs6ou5e tick 57 sid=e967564e-dbd8-4b97-bdc0-2bbe7a673695
1791067362931 gs6ou5e tick 58 sid=e967564e-dbd8-4b97-bdc0-2bbe7a673695
1791067363938 gs6ou5e tick 59 sid=e967564e-dbd8-4b97-bdc0-2bbe7a673695
1791067364945 gs6ou5e tick 60 sid=e967564e-dbd8-4b97-bdc0-2bbe7a673695
1791067365942 gs6ou5e tick 61 sid=e967564e-dbd8-4b97-bdc0-2bbe7a673695
1791067366944 gs6ou5e tick 62 sid=e967564e-dbd8-4b97-bdc0-2bbe7a673695
1791067367946 gs6ou5e tick 63 sid=e967564e-dbd8-4b97-bdc0-2bbe7a673695
1791067368947 gs6ou5e tick 64 sid=e967564e-dbd8-4b97-bdc0-2bbe7a673695
1791067369951 gs6ou5e tick 65 sid=e967564e-dbd8-4b97-bdc0-2bbe7a673695
1791067370951 gs6ou5e tick 66 sid=e967564e-dbd8-4b97-bdc0-2bbe7a673695
1791067371952 gs6ou5e tick 67 sid=e967564e-dbd8-4b97-bdc0-2bbe7a673695
1791067372956 gs6ou5e tick 68 sid=e967564e-dbd8-4b97-bdc0-2bbe7a673695
1791067373958 gs6ou5e tick 69 sid=e967564e-dbd8-4b97-bdc0-2bbe7a673695
1791067374962 gs6ou5e tick 70 sid=e967564e-dbd8-4b97-bdc0-2bbe7a673695
1791067375960 gs6ou5e tick 71 sid=e967564e-dbd8-4b97-bdc0-2bbe7a673695
1791067376961 gs6ou5e tick 72 sid=e967564e-dbd8-4b97-bdc0-2bbe7a673695
1791067377966 gs6ou5e tick 73 sid=e967564e-dbd8-4b97-bdc0-2bbe7a673695
1791067378967 gs6ou5e tick 74 sid=e967564e-dbd8-4b97-bdc0-2bbe7a673695
1791067379971 gs6ou5e tick 75 sid=e967564e-dbd8-4b97-bdc0-2bbe7a673695
1791067380970 gs6ou5e tick 76 sid=e967564e-dbd8-4b97-bdc0-2bbe7a673695
1791067381972 gs6ou5e tick 77 sid=e967564e-dbd8-4b97-bdc0-2bbe7a673695
1791067382980 gs6ou5e tick 78 sid=e967564e-dbd8-4b97-bdc0-2bbe7a673695
1791067383981 gs6ou5e tick 79 sid=e967564e-dbd8-4b97-bdc0-2bbe7a673695
1791067384982 gs6ou5e tick 80 sid=e967564e-dbd8-4b97-bdc0-2bbe7a673695
1791067385983 gs6ou5e tick 81 sid=e967564e-dbd8-4b97-bdc0-2bbe7a673695
1791067386986 gs6ou5e tick 82 sid=e967564e-dbd8-4b97-bdc0-2bbe7a673695
1791067387988 gs6ou5e tick 83 sid=e967564e-dbd8-4b97-bdc0-2bbe7a673695
1791067388990 gs6ou5e tick 84 sid=e967564e-dbd8-4b97-bdc0-2bbe7a673695
1791067389992 gs6ou5e tick 85 sid=e967564e-dbd8-4b97-bdc0-2bbe7a673695
1791067390992 gs6ou5e tick 86 sid=e967564e-dbd8-4b97-bdc0-2bbe7a673695
1791067391993 gs6ou5e tick 87 sid=e967564e-dbd8-4b97-bdc0-2bbe7a673695
1791067392713 gs6ou5e EVENT classic.SessionEnd reason=prompt_input_exit
1791067392720 gs6ou5e EVENT session.end reason=prompt_input_exit (timer NOT cancelled by us)
1791067392997 gs6ou5e tick 88 sid=e967564e-dbd8-4b97-bdc0-2bbe7a673695
